// Jest Snapshot v1, https://goo.gl/fbAQLP

exports[`User Menu should match the snapshot with all the data passed in correctly 1`] = `
<div
  className="footer"
>
  <div
    className="user__box"
  >
    <p
      className="box__ends"
    />
    <p>
      Favorite Quote: "
      "
    </p>
    <p
      className="box__ends"
    >
      Ranking: 
      Nerf Herder
    </p>
  </div>
  <div
    className="buttons"
  >
    <Link
      to="/movies/"
    >
      <button
        className="user__buttons"
        onClick={[MockFunction]}
      >
        Back To Movies
      </button>
    </Link>
    <Link
      to="/favorites/"
    >
      <button
        className="user__buttons"
      >
        Favorite Characters
      </button>
    </Link>
    <Link
      to="/"
    >
      <button
        className="user__buttons"
      >
        Sign Out
      </button>
    </Link>
  </div>
</div>
`;
