// Jest Snapshot v1, https://goo.gl/fbAQLP

exports[`User Menu should match the snapshot with all the data passed in correctly 1`] = `
<div
  className="user__box"
>
  <p
    className="box__ends"
  />
  <p>
    Favorite Quote: "
    "
  </p>
  <p
    className="box__ends"
  >
    Ranking: 
  </p>
  <Link
    to="/movies/"
  >
    <button
      type="button"
    >
      Back To Movies
    </button>
  </Link>
  <Link
    to="/favorites/"
  >
    <button>
      Favorite Characters
    </button>
  </Link>
  <button>
    Sign Out
  </button>
</div>
`;
